// Jest Snapshot v1, https://goo.gl/fbAQLP

exports[`RecipesComponent should match snapshot 1`] = `
<div
  id="root1"
>
  <div
    class="row"
  >
    <div
      class="col-md-5"
    >
      <app-recipes-list />
    </div>
    <div
      class="col-md-7"
    >
      <app-recipe-detail />
    </div>
  </div>
</div>
`;
