// Jest Snapshot v1, https://goo.gl/fbAQLP

exports[`RecipesListComponent should match snapshot 1`] = `
<div
  id="root1"
>
  <div
    class="row"
  >
     recipes list

  </div>
</div>
`;
